<?xml version="1.0" encoding="utf-8" ?>
<result>
	<row>
		<label>1</label>
		<nb_visits>2</nb_visits>
		<nb_uniq_visitors>2</nb_uniq_visitors>
		<nb_hits>2</nb_hits>
		<sum_time_network>0</sum_time_network>
		<nb_hits_with_time_network>0</nb_hits_with_time_network>
		<min_time_network>0</min_time_network>
		<max_time_network>0</max_time_network>
		<sum_time_server>0</sum_time_server>
		<nb_hits_with_time_server>0</nb_hits_with_time_server>
		<min_time_server>0</min_time_server>
		<max_time_server>0</max_time_server>
		<sum_time_transfer>0</sum_time_transfer>
		<nb_hits_with_time_transfer>0</nb_hits_with_time_transfer>
		<min_time_transfer>0</min_time_transfer>
		<max_time_transfer>0</max_time_transfer>
		<sum_time_dom_processing>0</sum_time_dom_processing>
		<nb_hits_with_time_dom_processing>0</nb_hits_with_time_dom_processing>
		<min_time_dom_processing>0</min_time_dom_processing>
		<max_time_dom_processing>0</max_time_dom_processing>
		<sum_time_dom_completion>0</sum_time_dom_completion>
		<nb_hits_with_time_dom_completion>0</nb_hits_with_time_dom_completion>
		<min_time_dom_completion>0</min_time_dom_completion>
		<max_time_dom_completion>0</max_time_dom_completion>
		<sum_time_on_load>0</sum_time_on_load>
		<nb_hits_with_time_on_load>0</nb_hits_with_time_on_load>
		<min_time_on_load>0</min_time_on_load>
		<max_time_on_load>0</max_time_on_load>
		<sum_bandwidth>0</sum_bandwidth>
		<nb_hits_with_bandwidth>0</nb_hits_with_bandwidth>
		<min_bandwidth>0</min_bandwidth>
		<max_bandwidth>0</max_bandwidth>
		<sum_time_spent>0</sum_time_spent>
		<bounce_count>1</bounce_count>
		<exit_nb_visits>1</exit_nb_visits>
		<avg_bandwidth>0</avg_bandwidth>
		<avg_time_on_dimension>0</avg_time_on_dimension>
		<bounce_rate>50%</bounce_rate>
		<exit_rate>50%</exit_rate>
		<segment>dimension2==1</segment>
		<subtable>
			<row>
				<label>cloudsite5.com/21/download</label>
				<nb_visits>1</nb_visits>
				<nb_uniq_visitors>1</nb_uniq_visitors>
				<nb_hits>1</nb_hits>
				<sum_time_network>0</sum_time_network>
				<nb_hits_with_time_network>0</nb_hits_with_time_network>
				<min_time_network>0</min_time_network>
				<max_time_network>0</max_time_network>
				<sum_time_server>0</sum_time_server>
				<nb_hits_with_time_server>0</nb_hits_with_time_server>
				<min_time_server>0</min_time_server>
				<max_time_server>0</max_time_server>
				<sum_time_transfer>0</sum_time_transfer>
				<nb_hits_with_time_transfer>0</nb_hits_with_time_transfer>
				<min_time_transfer>0</min_time_transfer>
				<max_time_transfer>0</max_time_transfer>
				<sum_time_dom_processing>0</sum_time_dom_processing>
				<nb_hits_with_time_dom_processing>0</nb_hits_with_time_dom_processing>
				<min_time_dom_processing>0</min_time_dom_processing>
				<max_time_dom_processing>0</max_time_dom_processing>
				<sum_time_dom_completion>0</sum_time_dom_completion>
				<nb_hits_with_time_dom_completion>0</nb_hits_with_time_dom_completion>
				<min_time_dom_completion>0</min_time_dom_completion>
				<max_time_dom_completion>0</max_time_dom_completion>
				<sum_time_on_load>0</sum_time_on_load>
				<nb_hits_with_time_on_load>0</nb_hits_with_time_on_load>
				<min_time_on_load>0</min_time_on_load>
				<max_time_on_load>0</max_time_on_load>
				<sum_bandwidth>0</sum_bandwidth>
				<nb_hits_with_bandwidth>0</nb_hits_with_bandwidth>
				<min_bandwidth>0</min_bandwidth>
				<max_bandwidth>0</max_bandwidth>
				<sum_time_spent>0</sum_time_spent>
				<bounce_count>0</bounce_count>
				<exit_nb_visits>0</exit_nb_visits>
				<avg_time_on_dimension>0</avg_time_on_dimension>
				<bounce_rate>0%</bounce_rate>
				<exit_rate>0%</exit_rate>
				<segment>dimension2==1;actionUrl=$cloudsite5.com%2F21%2Fdownload</segment>
				<url>cloudsite5.com%2F21%2Fdownload</url>
			</row>
			<row>
				<label>piwik.net/0/1</label>
				<nb_visits>1</nb_visits>
				<nb_uniq_visitors>1</nb_uniq_visitors>
				<nb_hits>1</nb_hits>
				<sum_time_network>0</sum_time_network>
				<nb_hits_with_time_network>0</nb_hits_with_time_network>
				<min_time_network>0</min_time_network>
				<max_time_network>0</max_time_network>
				<sum_time_server>0</sum_time_server>
				<nb_hits_with_time_server>0</nb_hits_with_time_server>
				<min_time_server>0</min_time_server>
				<max_time_server>0</max_time_server>
				<sum_time_transfer>0</sum_time_transfer>
				<nb_hits_with_time_transfer>0</nb_hits_with_time_transfer>
				<min_time_transfer>0</min_time_transfer>
				<max_time_transfer>0</max_time_transfer>
				<sum_time_dom_processing>0</sum_time_dom_processing>
				<nb_hits_with_time_dom_processing>0</nb_hits_with_time_dom_processing>
				<min_time_dom_processing>0</min_time_dom_processing>
				<max_time_dom_processing>0</max_time_dom_processing>
				<sum_time_dom_completion>0</sum_time_dom_completion>
				<nb_hits_with_time_dom_completion>0</nb_hits_with_time_dom_completion>
				<min_time_dom_completion>0</min_time_dom_completion>
				<max_time_dom_completion>0</max_time_dom_completion>
				<sum_time_on_load>0</sum_time_on_load>
				<nb_hits_with_time_on_load>0</nb_hits_with_time_on_load>
				<min_time_on_load>0</min_time_on_load>
				<max_time_on_load>0</max_time_on_load>
				<sum_bandwidth>0</sum_bandwidth>
				<nb_hits_with_bandwidth>0</nb_hits_with_bandwidth>
				<min_bandwidth>0</min_bandwidth>
				<max_bandwidth>0</max_bandwidth>
				<sum_time_spent>0</sum_time_spent>
				<bounce_count>1</bounce_count>
				<exit_nb_visits>1</exit_nb_visits>
				<avg_time_on_dimension>0</avg_time_on_dimension>
				<bounce_rate>100%</bounce_rate>
				<exit_rate>100%</exit_rate>
				<segment>dimension2==1;actionUrl=$piwik.net%2F0%2F1</segment>
				<url>piwik.net%2F0%2F1</url>
			</row>
		</subtable>
	</row>
	<row>
		<label>2</label>
		<nb_visits>2</nb_visits>
		<nb_uniq_visitors>2</nb_uniq_visitors>
		<nb_hits>2</nb_hits>
		<sum_time_network>0</sum_time_network>
		<nb_hits_with_time_network>0</nb_hits_with_time_network>
		<min_time_network>0</min_time_network>
		<max_time_network>0</max_time_network>
		<sum_time_server>0</sum_time_server>
		<nb_hits_with_time_server>0</nb_hits_with_time_server>
		<min_time_server>0</min_time_server>
		<max_time_server>0</max_time_server>
		<sum_time_transfer>0</sum_time_transfer>
		<nb_hits_with_time_transfer>0</nb_hits_with_time_transfer>
		<min_time_transfer>0</min_time_transfer>
		<max_time_transfer>0</max_time_transfer>
		<sum_time_dom_processing>0</sum_time_dom_processing>
		<nb_hits_with_time_dom_processing>0</nb_hits_with_time_dom_processing>
		<min_time_dom_processing>0</min_time_dom_processing>
		<max_time_dom_processing>0</max_time_dom_processing>
		<sum_time_dom_completion>0</sum_time_dom_completion>
		<nb_hits_with_time_dom_completion>0</nb_hits_with_time_dom_completion>
		<min_time_dom_completion>0</min_time_dom_completion>
		<max_time_dom_completion>0</max_time_dom_completion>
		<sum_time_on_load>0</sum_time_on_load>
		<nb_hits_with_time_on_load>0</nb_hits_with_time_on_load>
		<min_time_on_load>0</min_time_on_load>
		<max_time_on_load>0</max_time_on_load>
		<sum_bandwidth>0</sum_bandwidth>
		<nb_hits_with_bandwidth>0</nb_hits_with_bandwidth>
		<min_bandwidth>0</min_bandwidth>
		<max_bandwidth>0</max_bandwidth>
		<sum_time_spent>0</sum_time_spent>
		<bounce_count>1</bounce_count>
		<exit_nb_visits>1</exit_nb_visits>
		<avg_bandwidth>0</avg_bandwidth>
		<avg_time_on_dimension>0</avg_time_on_dimension>
		<bounce_rate>50%</bounce_rate>
		<exit_rate>50%</exit_rate>
		<segment>dimension2==2</segment>
		<subtable>
			<row>
				<label>othersite10.com/42/</label>
				<nb_visits>1</nb_visits>
				<nb_uniq_visitors>1</nb_uniq_visitors>
				<nb_hits>1</nb_hits>
				<sum_time_network>0</sum_time_network>
				<nb_hits_with_time_network>0</nb_hits_with_time_network>
				<min_time_network>0</min_time_network>
				<max_time_network>0</max_time_network>
				<sum_time_server>0</sum_time_server>
				<nb_hits_with_time_server>0</nb_hits_with_time_server>
				<min_time_server>0</min_time_server>
				<max_time_server>0</max_time_server>
				<sum_time_transfer>0</sum_time_transfer>
				<nb_hits_with_time_transfer>0</nb_hits_with_time_transfer>
				<min_time_transfer>0</min_time_transfer>
				<max_time_transfer>0</max_time_transfer>
				<sum_time_dom_processing>0</sum_time_dom_processing>
				<nb_hits_with_time_dom_processing>0</nb_hits_with_time_dom_processing>
				<min_time_dom_processing>0</min_time_dom_processing>
				<max_time_dom_processing>0</max_time_dom_processing>
				<sum_time_dom_completion>0</sum_time_dom_completion>
				<nb_hits_with_time_dom_completion>0</nb_hits_with_time_dom_completion>
				<min_time_dom_completion>0</min_time_dom_completion>
				<max_time_dom_completion>0</max_time_dom_completion>
				<sum_time_on_load>0</sum_time_on_load>
				<nb_hits_with_time_on_load>0</nb_hits_with_time_on_load>
				<min_time_on_load>0</min_time_on_load>
				<max_time_on_load>0</max_time_on_load>
				<sum_bandwidth>0</sum_bandwidth>
				<nb_hits_with_bandwidth>0</nb_hits_with_bandwidth>
				<min_bandwidth>0</min_bandwidth>
				<max_bandwidth>0</max_bandwidth>
				<sum_time_spent>0</sum_time_spent>
				<bounce_count>0</bounce_count>
				<exit_nb_visits>0</exit_nb_visits>
				<avg_time_on_dimension>0</avg_time_on_dimension>
				<bounce_rate>0%</bounce_rate>
				<exit_rate>0%</exit_rate>
				<segment>dimension2==2;actionUrl=$othersite10.com%2F42%2F</segment>
				<url>othersite10.com%2F42%2F</url>
			</row>
			<row>
				<label>piwik.net/15/62</label>
				<nb_visits>1</nb_visits>
				<nb_uniq_visitors>1</nb_uniq_visitors>
				<nb_hits>1</nb_hits>
				<sum_time_network>0</sum_time_network>
				<nb_hits_with_time_network>0</nb_hits_with_time_network>
				<min_time_network>0</min_time_network>
				<max_time_network>0</max_time_network>
				<sum_time_server>0</sum_time_server>
				<nb_hits_with_time_server>0</nb_hits_with_time_server>
				<min_time_server>0</min_time_server>
				<max_time_server>0</max_time_server>
				<sum_time_transfer>0</sum_time_transfer>
				<nb_hits_with_time_transfer>0</nb_hits_with_time_transfer>
				<min_time_transfer>0</min_time_transfer>
				<max_time_transfer>0</max_time_transfer>
				<sum_time_dom_processing>0</sum_time_dom_processing>
				<nb_hits_with_time_dom_processing>0</nb_hits_with_time_dom_processing>
				<min_time_dom_processing>0</min_time_dom_processing>
				<max_time_dom_processing>0</max_time_dom_processing>
				<sum_time_dom_completion>0</sum_time_dom_completion>
				<nb_hits_with_time_dom_completion>0</nb_hits_with_time_dom_completion>
				<min_time_dom_completion>0</min_time_dom_completion>
				<max_time_dom_completion>0</max_time_dom_completion>
				<sum_time_on_load>0</sum_time_on_load>
				<nb_hits_with_time_on_load>0</nb_hits_with_time_on_load>
				<min_time_on_load>0</min_time_on_load>
				<max_time_on_load>0</max_time_on_load>
				<sum_bandwidth>0</sum_bandwidth>
				<nb_hits_with_bandwidth>0</nb_hits_with_bandwidth>
				<min_bandwidth>0</min_bandwidth>
				<max_bandwidth>0</max_bandwidth>
				<sum_time_spent>0</sum_time_spent>
				<bounce_count>1</bounce_count>
				<exit_nb_visits>1</exit_nb_visits>
				<avg_time_on_dimension>0</avg_time_on_dimension>
				<bounce_rate>100%</bounce_rate>
				<exit_rate>100%</exit_rate>
				<segment>dimension2==2;actionUrl=$piwik.net%2F15%2F62</segment>
				<url>piwik.net%2F15%2F62</url>
			</row>
		</subtable>
	</row>
	<row>
		<label>Others</label>
		<nb_visits>96</nb_visits>
		<nb_uniq_visitors>96</nb_uniq_visitors>
		<nb_hits>96</nb_hits>
		<sum_time_network>0</sum_time_network>
		<nb_hits_with_time_network>0</nb_hits_with_time_network>
		<min_time_network>0</min_time_network>
		<max_time_network>0</max_time_network>
		<sum_time_server>0</sum_time_server>
		<nb_hits_with_time_server>0</nb_hits_with_time_server>
		<min_time_server>0</min_time_server>
		<max_time_server>0</max_time_server>
		<sum_time_transfer>0</sum_time_transfer>
		<nb_hits_with_time_transfer>0</nb_hits_with_time_transfer>
		<min_time_transfer>0</min_time_transfer>
		<max_time_transfer>0</max_time_transfer>
		<sum_time_dom_processing>0</sum_time_dom_processing>
		<nb_hits_with_time_dom_processing>0</nb_hits_with_time_dom_processing>
		<min_time_dom_processing>0</min_time_dom_processing>
		<max_time_dom_processing>0</max_time_dom_processing>
		<sum_time_dom_completion>0</sum_time_dom_completion>
		<nb_hits_with_time_dom_completion>0</nb_hits_with_time_dom_completion>
		<min_time_dom_completion>0</min_time_dom_completion>
		<max_time_dom_completion>0</max_time_dom_completion>
		<sum_time_on_load>0</sum_time_on_load>
		<nb_hits_with_time_on_load>0</nb_hits_with_time_on_load>
		<min_time_on_load>0</min_time_on_load>
		<max_time_on_load>0</max_time_on_load>
		<sum_bandwidth>0</sum_bandwidth>
		<nb_hits_with_bandwidth>0</nb_hits_with_bandwidth>
		<min_bandwidth>0</min_bandwidth>
		<max_bandwidth>0</max_bandwidth>
		<sum_time_spent>0</sum_time_spent>
		<bounce_count>58</bounce_count>
		<exit_nb_visits>46</exit_nb_visits>
		<avg_bandwidth>0</avg_bandwidth>
		<avg_time_on_dimension>0</avg_time_on_dimension>
		<bounce_rate>60%</bounce_rate>
		<exit_rate>48%</exit_rate>
		<segment>dimension2==-1</segment>
	</row>
</result>